// Jest Snapshot v1, https://goo.gl/fbAQLP

exports[`should render HotelList 1`] = `
<div
  style={
    Object {
      "border": "1px solid tomato",
    }
  }
>
  <HotelListItem
    facilities={
      Array [
        "car park",
        "pool",
      ]
    }
    key="hotelone"
    name="hotelone"
    starRating={5}
  />
  <HotelListItem
    facilities={
      Array [
        "car park",
        "gym",
      ]
    }
    key="hoteltwo"
    name="hoteltwo"
    starRating={3}
  />
  <HotelListItem
    facilities={Array []}
    key="hotelthree"
    name="hotelthree"
    starRating={3}
  />
</div>
`;
