// Jest Snapshot v1, https://goo.gl/fbAQLP

exports[`should render HotelListItem with hotel 1`] = `
<div
  style={
    Object {
      "border": "1px solid tomato",
    }
  }
>
  <h2>
    hotelone
  </h2>
  <p>
    Star rating: 
    5
  </p>
  <p>
    Facilities:
    <span>
      car park
    </span>
    <span>
      pool
    </span>
  </p>
</div>
`;
