// Jest Snapshot v1, https://goo.gl/fbAQLP

exports[`should render HotelList correctly 1`] = `
<Card
  as="div"
  body={false}
>
  <ForwardRef
    variant="flush"
  >
    <HotelListItem
      facilities={
        Array [
          "car park",
          "pool",
        ]
      }
      key="hotelone"
      name="hotelone"
      starRating={5}
    />
    <HotelListItem
      facilities={
        Array [
          "car park",
          "gym",
        ]
      }
      key="hoteltwo"
      name="hoteltwo"
      starRating={3}
    />
    <HotelListItem
      facilities={Array []}
      key="hotelthree"
      name="hotelthree"
      starRating={3}
    />
  </ForwardRef>
</Card>
`;

exports[`should render HotelList with no hotels correctly 1`] = `
<Card
  as="div"
  body={false}
>
  <ForwardRef
    variant="flush"
  >
    <p>
      No hotels
    </p>
  </ForwardRef>
</Card>
`;
